Archive member included to satisfy reference by file (symbol)

c:/program files (x86)/atmel/studio/7.0/toolchain/avr8/avr8-gnu-toolchain/bin/../lib/gcc/avr/5.4.0/avr51\libgcc.a(_udivmodhi4.o)
                              lib/iseg7.o (__udivmodhi4)
c:/program files (x86)/atmel/studio/7.0/toolchain/avr8/avr8-gnu-toolchain/bin/../lib/gcc/avr/5.4.0/avr51\libgcc.a(_divmodhi4.o)
                              main.o (__divmodhi4)
c:/program files (x86)/atmel/studio/7.0/toolchain/avr8/avr8-gnu-toolchain/bin/../lib/gcc/avr/5.4.0/avr51\libgcc.a(_exit.o)
                              C:/Program Files (x86)/Atmel/Studio/7.0/Packs/atmel/ATmega_DFP/1.2.209/gcc/dev/atmega128/avr51/crtatmega128.o (exit)
c:/program files (x86)/atmel/studio/7.0/toolchain/avr8/avr8-gnu-toolchain/bin/../lib/gcc/avr/5.4.0/avr51\libgcc.a(_tablejump2.o)
                              moduleClock/clock.o (__tablejump2__)
c:/program files (x86)/atmel/studio/7.0/toolchain/avr8/avr8-gnu-toolchain/bin/../lib/gcc/avr/5.4.0/avr51\libgcc.a(_copy_data.o)
                              lib/iseg7.o (__do_copy_data)
c:/program files (x86)/atmel/studio/7.0/toolchain/avr8/avr8-gnu-toolchain/bin/../lib/gcc/avr/5.4.0/avr51\libgcc.a(_clear_bss.o)
                              lib/iseg7.o (__do_clear_bss)
c:/program files (x86)/atmel/studio/7.0/toolchain/avr8/avr8-gnu-toolchain/bin/../lib/gcc/avr/5.4.0/../../../../avr/lib/avr51\libc.a(malloc.o)
                              main.o (malloc)

Allocating common symbols
Common symbol       size              file

__brkval            0x2               c:/program files (x86)/atmel/studio/7.0/toolchain/avr8/avr8-gnu-toolchain/bin/../lib/gcc/avr/5.4.0/../../../../avr/lib/avr51\libc.a(malloc.o)
__flp               0x2               c:/program files (x86)/atmel/studio/7.0/toolchain/avr8/avr8-gnu-toolchain/bin/../lib/gcc/avr/5.4.0/../../../../avr/lib/avr51\libc.a(malloc.o)

Discarded input sections

 .data          0x00000000        0x0 C:/Program Files (x86)/Atmel/Studio/7.0/Packs/atmel/ATmega_DFP/1.2.209/gcc/dev/atmega128/avr51/crtatmega128.o
 .bss           0x00000000        0x0 C:/Program Files (x86)/Atmel/Studio/7.0/Packs/atmel/ATmega_DFP/1.2.209/gcc/dev/atmega128/avr51/crtatmega128.o
 .text          0x00000000        0x0 lib/iseg7.o
 .data          0x00000000        0x0 lib/iseg7.o
 .bss           0x00000000        0x0 lib/iseg7.o
 .text          0x00000000        0x0 lib/keypad.o
 .data          0x00000000        0x0 lib/keypad.o
 .bss           0x00000000        0x0 lib/keypad.o
 .text.KeyInput_Press
                0x00000000       0xc6 lib/keypad.o
 .bss.press_cnt.1959
                0x00000000        0x1 lib/keypad.o
 .text          0x00000000        0x0 lib/lcd.o
 .data          0x00000000        0x0 lib/lcd.o
 .bss           0x00000000        0x0 lib/lcd.o
 .text.LcdNextchar
                0x00000000       0x34 lib/lcd.o
 .text.LcdNewchar
                0x00000000       0x34 lib/lcd.o
 .text.LcdPuts_Delay
                0x00000000       0x26 lib/lcd.o
 .text          0x00000000        0x0 main.o
 .data          0x00000000        0x0 main.o
 .bss           0x00000000        0x0 main.o
 .rodata        0x00000000       0x18 main.o
 .text.startTermProject
                0x00000000       0xfa main.o
 .text          0x00000000        0x0 moduleAlarm/alarm.o
 .data          0x00000000        0x0 moduleAlarm/alarm.o
 .bss           0x00000000        0x0 moduleAlarm/alarm.o
 .debug_line    0x00000000        0x0 moduleAlarm/alarm.o
 .debug_str     0x00000000      0x103 moduleAlarm/alarm.o
 .comment       0x00000000       0x31 moduleAlarm/alarm.o
 .text          0x00000000        0x0 moduleClock/clock.o
 .data          0x00000000        0x0 moduleClock/clock.o
 .bss           0x00000000        0x0 moduleClock/clock.o
 .text          0x00000000        0x0 moduleMenu/menu.o
 .data          0x00000000        0x0 moduleMenu/menu.o
 .bss           0x00000000        0x0 moduleMenu/menu.o
 .text          0x00000000        0x0 moduleStopwatch/stopwatch.o
 .data          0x00000000        0x0 moduleStopwatch/stopwatch.o
 .bss           0x00000000        0x0 moduleStopwatch/stopwatch.o
 .text          0x00000000        0x0 moduleTimer/timer.o
 .data          0x00000000        0x0 moduleTimer/timer.o
 .bss           0x00000000        0x0 moduleTimer/timer.o
 .text          0x00000000        0x0 c:/program files (x86)/atmel/studio/7.0/toolchain/avr8/avr8-gnu-toolchain/bin/../lib/gcc/avr/5.4.0/avr51\libgcc.a(_udivmodhi4.o)
 .data          0x00000000        0x0 c:/program files (x86)/atmel/studio/7.0/toolchain/avr8/avr8-gnu-toolchain/bin/../lib/gcc/avr/5.4.0/avr51\libgcc.a(_udivmodhi4.o)
 .bss           0x00000000        0x0 c:/program files (x86)/atmel/studio/7.0/toolchain/avr8/avr8-gnu-toolchain/bin/../lib/gcc/avr/5.4.0/avr51\libgcc.a(_udivmodhi4.o)
 .text.libgcc.mul
                0x00000000        0x0 c:/program files (x86)/atmel/studio/7.0/toolchain/avr8/avr8-gnu-toolchain/bin/../lib/gcc/avr/5.4.0/avr51\libgcc.a(_udivmodhi4.o)
 .text.libgcc   0x00000000        0x0 c:/program files (x86)/atmel/studio/7.0/toolchain/avr8/avr8-gnu-toolchain/bin/../lib/gcc/avr/5.4.0/avr51\libgcc.a(_udivmodhi4.o)
 .text.libgcc.prologue
                0x00000000        0x0 c:/program files (x86)/atmel/studio/7.0/toolchain/avr8/avr8-gnu-toolchain/bin/../lib/gcc/avr/5.4.0/avr51\libgcc.a(_udivmodhi4.o)
 .text.libgcc.builtins
                0x00000000        0x0 c:/program files (x86)/atmel/studio/7.0/toolchain/avr8/avr8-gnu-toolchain/bin/../lib/gcc/avr/5.4.0/avr51\libgcc.a(_udivmodhi4.o)
 .text.libgcc.fmul
                0x00000000        0x0 c:/program files (x86)/atmel/studio/7.0/toolchain/avr8/avr8-gnu-toolchain/bin/../lib/gcc/avr/5.4.0/avr51\libgcc.a(_udivmodhi4.o)
 .text.libgcc.fixed
                0x00000000        0x0 c:/program files (x86)/atmel/studio/7.0/toolchain/avr8/avr8-gnu-toolchain/bin/../lib/gcc/avr/5.4.0/avr51\libgcc.a(_udivmodhi4.o)
 .text          0x00000000        0x0 c:/program files (x86)/atmel/studio/7.0/toolchain/avr8/avr8-gnu-toolchain/bin/../lib/gcc/avr/5.4.0/avr51\libgcc.a(_divmodhi4.o)
 .data          0x00000000        0x0 c:/program files (x86)/atmel/studio/7.0/toolchain/avr8/avr8-gnu-toolchain/bin/../lib/gcc/avr/5.4.0/avr51\libgcc.a(_divmodhi4.o)
 .bss           0x00000000        0x0 c:/program files (x86)/atmel/studio/7.0/toolchain/avr8/avr8-gnu-toolchain/bin/../lib/gcc/avr/5.4.0/avr51\libgcc.a(_divmodhi4.o)
 .text.libgcc.mul
                0x00000000        0x0 c:/program files (x86)/atmel/studio/7.0/toolchain/avr8/avr8-gnu-toolchain/bin/../lib/gcc/avr/5.4.0/avr51\libgcc.a(_divmodhi4.o)
 .text.libgcc   0x00000000        0x0 c:/program files (x86)/atmel/studio/7.0/toolchain/avr8/avr8-gnu-toolchain/bin/../lib/gcc/avr/5.4.0/avr51\libgcc.a(_divmodhi4.o)
 .text.libgcc.prologue
                0x00000000        0x0 c:/program files (x86)/atmel/studio/7.0/toolchain/avr8/avr8-gnu-toolchain/bin/../lib/gcc/avr/5.4.0/avr51\libgcc.a(_divmodhi4.o)
 .text.libgcc.builtins
                0x00000000        0x0 c:/program files (x86)/atmel/studio/7.0/toolchain/avr8/avr8-gnu-toolchain/bin/../lib/gcc/avr/5.4.0/avr51\libgcc.a(_divmodhi4.o)
 .text.libgcc.fmul
                0x00000000        0x0 c:/program files (x86)/atmel/studio/7.0/toolchain/avr8/avr8-gnu-toolchain/bin/../lib/gcc/avr/5.4.0/avr51\libgcc.a(_divmodhi4.o)
 .text.libgcc.fixed
                0x00000000        0x0 c:/program files (x86)/atmel/studio/7.0/toolchain/avr8/avr8-gnu-toolchain/bin/../lib/gcc/avr/5.4.0/avr51\libgcc.a(_divmodhi4.o)
 .text          0x00000000        0x0 c:/program files (x86)/atmel/studio/7.0/toolchain/avr8/avr8-gnu-toolchain/bin/../lib/gcc/avr/5.4.0/avr51\libgcc.a(_exit.o)
 .data          0x00000000        0x0 c:/program files (x86)/atmel/studio/7.0/toolchain/avr8/avr8-gnu-toolchain/bin/../lib/gcc/avr/5.4.0/avr51\libgcc.a(_exit.o)
 .bss           0x00000000        0x0 c:/program files (x86)/atmel/studio/7.0/toolchain/avr8/avr8-gnu-toolchain/bin/../lib/gcc/avr/5.4.0/avr51\libgcc.a(_exit.o)
 .text.libgcc.mul
                0x00000000        0x0 c:/program files (x86)/atmel/studio/7.0/toolchain/avr8/avr8-gnu-toolchain/bin/../lib/gcc/avr/5.4.0/avr51\libgcc.a(_exit.o)
 .text.libgcc.div
                0x00000000        0x0 c:/program files (x86)/atmel/studio/7.0/toolchain/avr8/avr8-gnu-toolchain/bin/../lib/gcc/avr/5.4.0/avr51\libgcc.a(_exit.o)
 .text.libgcc   0x00000000        0x0 c:/program files (x86)/atmel/studio/7.0/toolchain/avr8/avr8-gnu-toolchain/bin/../lib/gcc/avr/5.4.0/avr51\libgcc.a(_exit.o)
 .text.libgcc.prologue
                0x00000000        0x0 c:/program files (x86)/atmel/studio/7.0/toolchain/avr8/avr8-gnu-toolchain/bin/../lib/gcc/avr/5.4.0/avr51\libgcc.a(_exit.o)
 .text.libgcc.builtins
                0x00000000        0x0 c:/program files (x86)/atmel/studio/7.0/toolchain/avr8/avr8-gnu-toolchain/bin/../lib/gcc/avr/5.4.0/avr51\libgcc.a(_exit.o)
 .text.libgcc.fmul
                0x00000000        0x0 c:/program files (x86)/atmel/studio/7.0/toolchain/avr8/avr8-gnu-toolchain/bin/../lib/gcc/avr/5.4.0/avr51\libgcc.a(_exit.o)
 .text.libgcc.fixed
                0x00000000        0x0 c:/program files (x86)/atmel/studio/7.0/toolchain/avr8/avr8-gnu-toolchain/bin/../lib/gcc/avr/5.4.0/avr51\libgcc.a(_exit.o)
 .text          0x00000000        0x0 c:/program files (x86)/atmel/studio/7.0/toolchain/avr8/avr8-gnu-toolchain/bin/../lib/gcc/avr/5.4.0/avr51\libgcc.a(_tablejump2.o)
 .data          0x00000000        0x0 c:/program files (x86)/atmel/studio/7.0/toolchain/avr8/avr8-gnu-toolchain/bin/../lib/gcc/avr/5.4.0/avr51\libgcc.a(_tablejump2.o)
 .bss           0x00000000        0x0 c:/program files (x86)/atmel/studio/7.0/toolchain/avr8/avr8-gnu-toolchain/bin/../lib/gcc/avr/5.4.0/avr51\libgcc.a(_tablejump2.o)
 .text.libgcc.mul
                0x00000000        0x0 c:/program files (x86)/atmel/studio/7.0/toolchain/avr8/avr8-gnu-toolchain/bin/../lib/gcc/avr/5.4.0/avr51\libgcc.a(_tablejump2.o)
 .text.libgcc.div
                0x00000000        0x0 c:/program files (x86)/atmel/studio/7.0/toolchain/avr8/avr8-gnu-toolchain/bin/../lib/gcc/avr/5.4.0/avr51\libgcc.a(_tablejump2.o)
 .text.libgcc.prologue
                0x00000000        0x0 c:/program files (x86)/atmel/studio/7.0/toolchain/avr8/avr8-gnu-toolchain/bin/../lib/gcc/avr/5.4.0/avr51\libgcc.a(_tablejump2.o)
 .text.libgcc.builtins
                0x00000000        0x0 c:/program files (x86)/atmel/studio/7.0/toolchain/avr8/avr8-gnu-toolchain/bin/../lib/gcc/avr/5.4.0/avr51\libgcc.a(_tablejump2.o)
 .text.libgcc.fmul
                0x00000000        0x0 c:/program files (x86)/atmel/studio/7.0/toolchain/avr8/avr8-gnu-toolchain/bin/../lib/gcc/avr/5.4.0/avr51\libgcc.a(_tablejump2.o)
 .text.libgcc.fixed
                0x00000000        0x0 c:/program files (x86)/atmel/studio/7.0/toolchain/avr8/avr8-gnu-toolchain/bin/../lib/gcc/avr/5.4.0/avr51\libgcc.a(_tablejump2.o)
 .text          0x00000000        0x0 c:/program files (x86)/atmel/studio/7.0/toolchain/avr8/avr8-gnu-toolchain/bin/../lib/gcc/avr/5.4.0/avr51\libgcc.a(_copy_data.o)
 .data          0x00000000        0x0 c:/program files (x86)/atmel/studio/7.0/toolchain/avr8/avr8-gnu-toolchain/bin/../lib/gcc/avr/5.4.0/avr51\libgcc.a(_copy_data.o)
 .bss           0x00000000        0x0 c:/program files (x86)/atmel/studio/7.0/toolchain/avr8/avr8-gnu-toolchain/bin/../lib/gcc/avr/5.4.0/avr51\libgcc.a(_copy_data.o)
 .text.libgcc.mul
                0x00000000        0x0 c:/program files (x86)/atmel/studio/7.0/toolchain/avr8/avr8-gnu-toolchain/bin/../lib/gcc/avr/5.4.0/avr51\libgcc.a(_copy_data.o)
 .text.libgcc.div
                0x00000000        0x0 c:/program files (x86)/atmel/studio/7.0/toolchain/avr8/avr8-gnu-toolchain/bin/../lib/gcc/avr/5.4.0/avr51\libgcc.a(_copy_data.o)
 .text.libgcc   0x00000000        0x0 c:/program files (x86)/atmel/studio/7.0/toolchain/avr8/avr8-gnu-toolchain/bin/../lib/gcc/avr/5.4.0/avr51\libgcc.a(_copy_data.o)
 .text.libgcc.prologue
                0x00000000        0x0 c:/program files (x86)/atmel/studio/7.0/toolchain/avr8/avr8-gnu-toolchain/bin/../lib/gcc/avr/5.4.0/avr51\libgcc.a(_copy_data.o)
 .text.libgcc.builtins
                0x00000000        0x0 c:/program files (x86)/atmel/studio/7.0/toolchain/avr8/avr8-gnu-toolchain/bin/../lib/gcc/avr/5.4.0/avr51\libgcc.a(_copy_data.o)
 .text.libgcc.fmul
                0x00000000        0x0 c:/program files (x86)/atmel/studio/7.0/toolchain/avr8/avr8-gnu-toolchain/bin/../lib/gcc/avr/5.4.0/avr51\libgcc.a(_copy_data.o)
 .text.libgcc.fixed
                0x00000000        0x0 c:/program files (x86)/atmel/studio/7.0/toolchain/avr8/avr8-gnu-toolchain/bin/../lib/gcc/avr/5.4.0/avr51\libgcc.a(_copy_data.o)
 .text          0x00000000        0x0 c:/program files (x86)/atmel/studio/7.0/toolchain/avr8/avr8-gnu-toolchain/bin/../lib/gcc/avr/5.4.0/avr51\libgcc.a(_clear_bss.o)
 .data          0x00000000        0x0 c:/program files (x86)/atmel/studio/7.0/toolchain/avr8/avr8-gnu-toolchain/bin/../lib/gcc/avr/5.4.0/avr51\libgcc.a(_clear_bss.o)
 .bss           0x00000000        0x0 c:/program files (x86)/atmel/studio/7.0/toolchain/avr8/avr8-gnu-toolchain/bin/../lib/gcc/avr/5.4.0/avr51\libgcc.a(_clear_bss.o)
 .text.libgcc.mul
                0x00000000        0x0 c:/program files (x86)/atmel/studio/7.0/toolchain/avr8/avr8-gnu-toolchain/bin/../lib/gcc/avr/5.4.0/avr51\libgcc.a(_clear_bss.o)
 .text.libgcc.div
                0x00000000        0x0 c:/program files (x86)/atmel/studio/7.0/toolchain/avr8/avr8-gnu-toolchain/bin/../lib/gcc/avr/5.4.0/avr51\libgcc.a(_clear_bss.o)
 .text.libgcc   0x00000000        0x0 c:/program files (x86)/atmel/studio/7.0/toolchain/avr8/avr8-gnu-toolchain/bin/../lib/gcc/avr/5.4.0/avr51\libgcc.a(_clear_bss.o)
 .text.libgcc.prologue
                0x00000000        0x0 c:/program files (x86)/atmel/studio/7.0/toolchain/avr8/avr8-gnu-toolchain/bin/../lib/gcc/avr/5.4.0/avr51\libgcc.a(_clear_bss.o)
 .text.libgcc.builtins
                0x00000000        0x0 c:/program files (x86)/atmel/studio/7.0/toolchain/avr8/avr8-gnu-toolchain/bin/../lib/gcc/avr/5.4.0/avr51\libgcc.a(_clear_bss.o)
 .text.libgcc.fmul
                0x00000000        0x0 c:/program files (x86)/atmel/studio/7.0/toolchain/avr8/avr8-gnu-toolchain/bin/../lib/gcc/avr/5.4.0/avr51\libgcc.a(_clear_bss.o)
 .text.libgcc.fixed
                0x00000000        0x0 c:/program files (x86)/atmel/studio/7.0/toolchain/avr8/avr8-gnu-toolchain/bin/../lib/gcc/avr/5.4.0/avr51\libgcc.a(_clear_bss.o)
 .text          0x00000000        0x0 c:/program files (x86)/atmel/studio/7.0/toolchain/avr8/avr8-gnu-toolchain/bin/../lib/gcc/avr/5.4.0/../../../../avr/lib/avr51\libc.a(malloc.o)
 .data          0x00000000        0x6 c:/program files (x86)/atmel/studio/7.0/toolchain/avr8/avr8-gnu-toolchain/bin/../lib/gcc/avr/5.4.0/../../../../avr/lib/avr51\libc.a(malloc.o)
 .bss           0x00000000        0x0 c:/program files (x86)/atmel/studio/7.0/toolchain/avr8/avr8-gnu-toolchain/bin/../lib/gcc/avr/5.4.0/../../../../avr/lib/avr51\libc.a(malloc.o)
 .text.avr-libc
                0x00000000      0x242 c:/program files (x86)/atmel/studio/7.0/toolchain/avr8/avr8-gnu-toolchain/bin/../lib/gcc/avr/5.4.0/../../../../avr/lib/avr51\libc.a(malloc.o)
 .comment       0x00000000       0x31 c:/program files (x86)/atmel/studio/7.0/toolchain/avr8/avr8-gnu-toolchain/bin/../lib/gcc/avr/5.4.0/../../../../avr/lib/avr51\libc.a(malloc.o)
 COMMON         0x00000000        0x4 c:/program files (x86)/atmel/studio/7.0/toolchain/avr8/avr8-gnu-toolchain/bin/../lib/gcc/avr/5.4.0/../../../../avr/lib/avr51\libc.a(malloc.o)

Memory Configuration

Name             Origin             Length             Attributes
text             0x00000000         0x00020000         xr
data             0x00800100         0x0000ff00         rw !x
eeprom           0x00810000         0x00010000         rw !x
fuse             0x00820000         0x00000003         rw !x
lock             0x00830000         0x00000400         rw !x
signature        0x00840000         0x00000400         rw !x
user_signatures  0x00850000         0x00000400         rw !x
*default*        0x00000000         0xffffffff

Linker script and memory map

Address of section .data set to 0x800100
LOAD C:/Program Files (x86)/Atmel/Studio/7.0/Packs/atmel/ATmega_DFP/1.2.209/gcc/dev/atmega128/avr51/crtatmega128.o
LOAD lib/iseg7.o
LOAD lib/keypad.o
LOAD lib/lcd.o
LOAD main.o
LOAD moduleAlarm/alarm.o
LOAD moduleClock/clock.o
LOAD moduleMenu/menu.o
LOAD moduleStopwatch/stopwatch.o
LOAD moduleTimer/timer.o
START GROUP
LOAD c:/program files (x86)/atmel/studio/7.0/toolchain/avr8/avr8-gnu-toolchain/bin/../lib/gcc/avr/5.4.0/../../../../avr/lib/avr51\libm.a
END GROUP
START GROUP
LOAD c:/program files (x86)/atmel/studio/7.0/toolchain/avr8/avr8-gnu-toolchain/bin/../lib/gcc/avr/5.4.0/avr51\libgcc.a
LOAD c:/program files (x86)/atmel/studio/7.0/toolchain/avr8/avr8-gnu-toolchain/bin/../lib/gcc/avr/5.4.0/../../../../avr/lib/avr51\libm.a
LOAD c:/program files (x86)/atmel/studio/7.0/toolchain/avr8/avr8-gnu-toolchain/bin/../lib/gcc/avr/5.4.0/../../../../avr/lib/avr51\libc.a
LOAD C:/Program Files (x86)/Atmel/Studio/7.0/Packs/atmel/ATmega_DFP/1.2.209/gcc/dev/atmega128/avr51\libatmega128.a
END GROUP
                0x00020000                __TEXT_REGION_LENGTH__ = DEFINED (__TEXT_REGION_LENGTH__)?__TEXT_REGION_LENGTH__:0x20000
                0x0000ff00                __DATA_REGION_LENGTH__ = DEFINED (__DATA_REGION_LENGTH__)?__DATA_REGION_LENGTH__:0xff00
                0x00010000                __EEPROM_REGION_LENGTH__ = DEFINED (__EEPROM_REGION_LENGTH__)?__EEPROM_REGION_LENGTH__:0x10000
                [0x00000003]                __FUSE_REGION_LENGTH__ = DEFINED (__FUSE_REGION_LENGTH__)?__FUSE_REGION_LENGTH__:0x400
                0x00000400                __LOCK_REGION_LENGTH__ = DEFINED (__LOCK_REGION_LENGTH__)?__LOCK_REGION_LENGTH__:0x400
                0x00000400                __SIGNATURE_REGION_LENGTH__ = DEFINED (__SIGNATURE_REGION_LENGTH__)?__SIGNATURE_REGION_LENGTH__:0x400
                0x00000400                __USER_SIGNATURE_REGION_LENGTH__ = DEFINED (__USER_SIGNATURE_REGION_LENGTH__)?__USER_SIGNATURE_REGION_LENGTH__:0x400

.hash
 *(.hash)

.dynsym
 *(.dynsym)

.dynstr
 *(.dynstr)

.gnu.version
 *(.gnu.version)

.gnu.version_d
 *(.gnu.version_d)

.gnu.version_r
 *(.gnu.version_r)

.rel.init
 *(.rel.init)

.rela.init
 *(.rela.init)

.rel.text
 *(.rel.text)
 *(.rel.text.*)
 *(.rel.gnu.linkonce.t*)

.rela.text
 *(.rela.text)
 *(.rela.text.*)
 *(.rela.gnu.linkonce.t*)

.rel.fini
 *(.rel.fini)

.rela.fini
 *(.rela.fini)

.rel.rodata
 *(.rel.rodata)
 *(.rel.rodata.*)
 *(.rel.gnu.linkonce.r*)

.rela.rodata
 *(.rela.rodata)
 *(.rela.rodata.*)
 *(.rela.gnu.linkonce.r*)

.rel.data
 *(.rel.data)
 *(.rel.data.*)
 *(.rel.gnu.linkonce.d*)

.rela.data
 *(.rela.data)
 *(.rela.data.*)
 *(.rela.gnu.linkonce.d*)

.rel.ctors
 *(.rel.ctors)

.rela.ctors
 *(.rela.ctors)

.rel.dtors
 *(.rel.dtors)

.rela.dtors
 *(.rela.dtors)

.rel.got
 *(.rel.got)

.rela.got
 *(.rela.got)

.rel.bss
 *(.rel.bss)

.rela.bss
 *(.rela.bss)

.rel.plt
 *(.rel.plt)

.rela.plt
 *(.rela.plt)

.text           0x00000000     0x15be
 *(.vectors)
 .vectors       0x00000000       0x8c C:/Program Files (x86)/Atmel/Studio/7.0/Packs/atmel/ATmega_DFP/1.2.209/gcc/dev/atmega128/avr51/crtatmega128.o
                0x00000000                __vector_default
                0x00000000                __vectors
 *(.vectors)
 *(.progmem.gcc*)
 .progmem.gcc_sw_table.setCustomClock
                0x0000008c       0xe8 moduleClock/clock.o
 .progmem.gcc_sw_table.setTimer
                0x00000174       0xe8 moduleTimer/timer.o
                0x0000025c                . = ALIGN (0x2)
                0x0000025c                __trampolines_start = .
 *(.trampolines)
 .trampolines   0x0000025c        0x0 linker stubs
 *(.trampolines*)
                0x0000025c                __trampolines_end = .
 *libprintf_flt.a:*(.progmem.data)
 *libc.a:*(.progmem.data)
 *(.progmem*)
                0x0000025c                . = ALIGN (0x2)
 *(.jumptables)
 *(.jumptables*)
 *(.lowtext)
 *(.lowtext*)
                0x0000025c                __ctors_start = .
 *(.ctors)
                0x0000025c                __ctors_end = .
                0x0000025c                __dtors_start = .
 *(.dtors)
                0x0000025c                __dtors_end = .
 SORT(*)(.ctors)
 SORT(*)(.dtors)
 *(.init0)
 .init0         0x0000025c        0x0 C:/Program Files (x86)/Atmel/Studio/7.0/Packs/atmel/ATmega_DFP/1.2.209/gcc/dev/atmega128/avr51/crtatmega128.o
                0x0000025c                __init
 *(.init0)
 *(.init1)
 *(.init1)
 *(.init2)
 .init2         0x0000025c        0xc C:/Program Files (x86)/Atmel/Studio/7.0/Packs/atmel/ATmega_DFP/1.2.209/gcc/dev/atmega128/avr51/crtatmega128.o
 *(.init2)
 *(.init3)
 *(.init3)
 *(.init4)
 .init4         0x00000268       0x1a c:/program files (x86)/atmel/studio/7.0/toolchain/avr8/avr8-gnu-toolchain/bin/../lib/gcc/avr/5.4.0/avr51\libgcc.a(_copy_data.o)
                0x00000268                __do_copy_data
 .init4         0x00000282       0x10 c:/program files (x86)/atmel/studio/7.0/toolchain/avr8/avr8-gnu-toolchain/bin/../lib/gcc/avr/5.4.0/avr51\libgcc.a(_clear_bss.o)
                0x00000282                __do_clear_bss
 *(.init4)
 *(.init5)
 *(.init5)
 *(.init6)
 *(.init6)
 *(.init7)
 *(.init7)
 *(.init8)
 *(.init8)
 *(.init9)
 .init9         0x00000292        0x6 C:/Program Files (x86)/Atmel/Studio/7.0/Packs/atmel/ATmega_DFP/1.2.209/gcc/dev/atmega128/avr51/crtatmega128.o
 *(.init9)
 *(.text)
 .text          0x00000298        0x2 C:/Program Files (x86)/Atmel/Studio/7.0/Packs/atmel/ATmega_DFP/1.2.209/gcc/dev/atmega128/avr51/crtatmega128.o
                0x00000298                __vector_22
                0x00000298                __vector_28
                0x00000298                __vector_1
                0x00000298                __vector_32
                0x00000298                __vector_34
                0x00000298                __vector_24
                0x00000298                __vector_12
                0x00000298                __bad_interrupt
                0x00000298                __vector_6
                0x00000298                __vector_31
                0x00000298                __vector_3
                0x00000298                __vector_23
                0x00000298                __vector_30
                0x00000298                __vector_25
                0x00000298                __vector_11
                0x00000298                __vector_13
                0x00000298                __vector_17
                0x00000298                __vector_19
                0x00000298                __vector_7
                0x00000298                __vector_27
                0x00000298                __vector_5
                0x00000298                __vector_33
                0x00000298                __vector_4
                0x00000298                __vector_2
                0x00000298                __vector_29
                0x00000298                __vector_8
                0x00000298                __vector_26
                0x00000298                __vector_14
                0x00000298                __vector_10
                0x00000298                __vector_16
                0x00000298                __vector_18
                0x00000298                __vector_20
                0x0000029a                . = ALIGN (0x2)
 *(.text.*)
 .text.ISeg7Init
                0x0000029a       0x26 lib/iseg7.o
                0x0000029a                ISeg7Init
 .text.ISeg7DispNum
                0x000002c0       0x40 lib/iseg7.o
                0x000002c0                ISeg7DispNum
 .text.__vector_15
                0x00000300       0x8c lib/iseg7.o
                0x00000300                __vector_15
 .text.key_scan
                0x0000038c       0x38 lib/keypad.o
 .text.KeyInit  0x000003c4        0xe lib/keypad.o
                0x000003c4                KeyInit
 .text.KeyInput
                0x000003d2       0x58 lib/keypad.o
                0x000003d2                KeyInput
 .text.write_command
                0x0000042a       0x26 lib/lcd.o
 .text.LcdCommand
                0x00000450       0x46 lib/lcd.o
                0x00000450                LcdCommand
 .text.LcdInit  0x00000496       0x4a lib/lcd.o
                0x00000496                LcdInit
 .text.LcdPutchar
                0x000004e0       0x46 lib/lcd.o
                0x000004e0                LcdPutchar
 .text.LcdPuts  0x00000526       0x1c lib/lcd.o
                0x00000526                LcdPuts
 .text.LcdMove  0x00000542       0x10 lib/lcd.o
                0x00000542                LcdMove
 .text.msec_delay
                0x00000552       0x18 lib/lcd.o
                0x00000552                msec_delay
 .text.ClockCounterInit
                0x0000056a       0x10 main.o
                0x0000056a                ClockCounterInit
 .text.__vector_9
                0x0000057a       0x92 main.o
                0x0000057a                __vector_9
 .text.main     0x0000060c       0xdc main.o
                0x0000060c                main
 .text.setClock
                0x000006e8       0xf8 moduleClock/clock.o
                0x000006e8                setClock
 .text.setCustomClock
                0x000007e0      0x28a moduleClock/clock.o
                0x000007e0                setCustomClock
 .text.initMenu
                0x00000a6a       0x1a moduleMenu/menu.o
                0x00000a6a                initMenu
 .text.setMenu  0x00000a84      0x162 moduleMenu/menu.o
                0x00000a84                setMenu
 .text.__vector_21
                0x00000be6       0x3e moduleStopwatch/stopwatch.o
                0x00000be6                __vector_21
 .text.setStopwatch
                0x00000c24       0x8c moduleStopwatch/stopwatch.o
                0x00000c24                setStopwatch
 .text.set7SegmentStopwatch
                0x00000cb0      0x586 moduleStopwatch/stopwatch.o
                0x00000cb0                set7SegmentStopwatch
 .text.setTimer
                0x00001236      0x2de moduleTimer/timer.o
                0x00001236                setTimer
 .text.set7SegmentTimer
                0x00001514       0x46 moduleTimer/timer.o
                0x00001514                set7SegmentTimer
 .text.libgcc.div
                0x0000155a       0x28 c:/program files (x86)/atmel/studio/7.0/toolchain/avr8/avr8-gnu-toolchain/bin/../lib/gcc/avr/5.4.0/avr51\libgcc.a(_udivmodhi4.o)
                0x0000155a                __udivmodhi4
 .text.libgcc.div
                0x00001582       0x26 c:/program files (x86)/atmel/studio/7.0/toolchain/avr8/avr8-gnu-toolchain/bin/../lib/gcc/avr/5.4.0/avr51\libgcc.a(_divmodhi4.o)
                0x00001582                _div
                0x00001582                __divmodhi4
 .text.libgcc   0x000015a8       0x12 c:/program files (x86)/atmel/studio/7.0/toolchain/avr8/avr8-gnu-toolchain/bin/../lib/gcc/avr/5.4.0/avr51\libgcc.a(_tablejump2.o)
                0x000015a8                __tablejump2__
                0x000015ba                . = ALIGN (0x2)
 *(.fini9)
 .fini9         0x000015ba        0x0 c:/program files (x86)/atmel/studio/7.0/toolchain/avr8/avr8-gnu-toolchain/bin/../lib/gcc/avr/5.4.0/avr51\libgcc.a(_exit.o)
                0x000015ba                _exit
                0x000015ba                exit
 *(.fini9)
 *(.fini8)
 *(.fini8)
 *(.fini7)
 *(.fini7)
 *(.fini6)
 *(.fini6)
 *(.fini5)
 *(.fini5)
 *(.fini4)
 *(.fini4)
 *(.fini3)
 *(.fini3)
 *(.fini2)
 *(.fini2)
 *(.fini1)
 *(.fini1)
 *(.fini0)
 .fini0         0x000015ba        0x4 c:/program files (x86)/atmel/studio/7.0/toolchain/avr8/avr8-gnu-toolchain/bin/../lib/gcc/avr/5.4.0/avr51\libgcc.a(_exit.o)
 *(.fini0)
                0x000015be                _etext = .

.data           0x00800100       0xa8 load address 0x000015be
                0x00800100                PROVIDE (__data_start, .)
 *(.data)
 *(.data*)
 .data.cnumber  0x00800100        0x6 lib/iseg7.o
 .data.nowStatus
                0x00800106        0x2 moduleMenu/menu.o
 .data.str1     0x00800108        0xc moduleMenu/menu.o
 .data.Alarm    0x00800114       0x13 moduleMenu/menu.o
 .data.StopWatch
                0x00800127       0x10 moduleMenu/menu.o
 .data.Timer    0x00800137       0x12 moduleMenu/menu.o
 .data.Set      0x00800149       0x10 moduleMenu/menu.o
 *(.gnu.linkonce.d*)
 *(.rodata)
 *(.rodata*)
 .rodata.SegTable
                0x00800159       0x11 lib/iseg7.o
 .rodata.str1.1
                0x0080016a       0x18 moduleClock/clock.o
 .rodata.str1.1
                0x00800182        0xe moduleStopwatch/stopwatch.o
                                 0x1d (size before relaxing)
 .rodata.str1.1
                0x00800190       0x17 moduleTimer/timer.o
                                 0x25 (size before relaxing)
 *(.gnu.linkonce.r*)
                0x008001a8                . = ALIGN (0x2)
 *fill*         0x008001a7        0x1 
                0x008001a8                _edata = .
                0x008001a8                PROVIDE (__data_end, .)

.bss            0x008001a8      0x819
                0x008001a8                PROVIDE (__bss_start, .)
 *(.bss)
 *(.bss*)
 .bss.index.1754
                0x008001a8        0x2 lib/iseg7.o
 .bss.pin       0x008001aa        0x1 lib/keypad.o
 .bss.status    0x008001ab        0x2 main.o
 .bss.SegmentStopwatchInitFlag
                0x008001ad        0x2 main.o
 .bss.SegmentTimerInitFlag
                0x008001af        0x2 main.o
 .bss.ClockCounter_M_SECOND_ONLY_STOPWATCH
                0x008001b1        0x2 main.o
 .bss.ClockCounter_M_SECOND
                0x008001b3        0x2 main.o
 .bss.ClockCounter_SECOND
                0x008001b5        0x2 main.o
 .bss.ClockCounter_CNT
                0x008001b7        0x2 main.o
 .bss.hour      0x008001b9        0x2 moduleClock/clock.o
 .bss.minute    0x008001bb        0x2 moduleClock/clock.o
 .bss.second    0x008001bd        0x2 moduleClock/clock.o
 .bss.customClockSetInitFlag
                0x008001bf        0x2 moduleClock/clock.o
 .bss.customClock
                0x008001c1        0xc moduleClock/clock.o
 .bss.customClockSettingIndex
                0x008001cd        0x2 moduleClock/clock.o
 .bss.nowMenuCursor
                0x008001cf        0x2 moduleMenu/menu.o
 .bss.n_enter   0x008001d1        0x2 moduleStopwatch/stopwatch.o
 .bss.stopwatchDisplayIndex
                0x008001d3        0x2 moduleStopwatch/stopwatch.o
 .bss.stopwatchStopFlag
                0x008001d5        0x2 moduleStopwatch/stopwatch.o
 .bss.customStopwatchSetInitFlag
                0x008001d7        0x2 moduleStopwatch/stopwatch.o
 .bss.segmentStopwatchDisplayNumberArray
                0x008001d9      0x7d0 moduleStopwatch/stopwatch.o
 .bss.segmentStopwatchDisplayNumber
                0x008009a9        0x2 moduleStopwatch/stopwatch.o
                0x008009a9                segmentStopwatchDisplayNumber
 .bss.segmentDisplayNumber
                0x008009ab        0x2 moduleTimer/timer.o
                0x008009ab                segmentDisplayNumber
 .bss.customTimerSetInitFlag
                0x008009ad        0x2 moduleTimer/timer.o
 .bss.customTimer
                0x008009af       0x10 moduleTimer/timer.o
 .bss.customTimerSettingIndex
                0x008009bf        0x2 moduleTimer/timer.o
 *(COMMON)
                0x008009c1                PROVIDE (__bss_end, .)
                0x000015be                __data_load_start = LOADADDR (.data)
                0x00001666                __data_load_end = (__data_load_start + SIZEOF (.data))

.noinit         0x008009c1        0x0
                [!provide]                PROVIDE (__noinit_start, .)
 *(.noinit*)
                [!provide]                PROVIDE (__noinit_end, .)
                0x008009c1                _end = .
                0x008009c1                PROVIDE (__heap_start, .)

.eeprom         0x00810000        0x0
 *(.eeprom*)
                0x00810000                __eeprom_end = .

.fuse
 *(.fuse)
 *(.lfuse)
 *(.hfuse)
 *(.efuse)

.lock
 *(.lock*)

.signature
 *(.signature*)

.user_signatures
 *(.user_signatures*)

.stab
 *(.stab)

.stabstr
 *(.stabstr)

.stab.excl
 *(.stab.excl)

.stab.exclstr
 *(.stab.exclstr)

.stab.index
 *(.stab.index)

.stab.indexstr
 *(.stab.indexstr)

.comment        0x00000000       0x30
 *(.comment)
 .comment       0x00000000       0x30 lib/iseg7.o
                                 0x31 (size before relaxing)
 .comment       0x00000030       0x31 lib/keypad.o
 .comment       0x00000030       0x31 lib/lcd.o
 .comment       0x00000030       0x31 main.o
 .comment       0x00000030       0x31 moduleClock/clock.o
 .comment       0x00000030       0x31 moduleMenu/menu.o
 .comment       0x00000030       0x31 moduleStopwatch/stopwatch.o
 .comment       0x00000030       0x31 moduleTimer/timer.o

.note.gnu.avr.deviceinfo
                0x00000000       0x3c
 .note.gnu.avr.deviceinfo
                0x00000000       0x3c C:/Program Files (x86)/Atmel/Studio/7.0/Packs/atmel/ATmega_DFP/1.2.209/gcc/dev/atmega128/avr51/crtatmega128.o

.note.gnu.build-id
 *(.note.gnu.build-id)

.debug
 *(.debug)

.line
 *(.line)

.debug_srcinfo
 *(.debug_srcinfo)

.debug_sfnames
 *(.debug_sfnames)

.debug_aranges  0x00000000      0x1b0
 *(.debug_aranges)
 .debug_aranges
                0x00000000       0x30 lib/iseg7.o
 .debug_aranges
                0x00000030       0x38 lib/keypad.o
 .debug_aranges
                0x00000068       0x68 lib/lcd.o
 .debug_aranges
                0x000000d0       0x38 main.o
 .debug_aranges
                0x00000108       0x28 moduleClock/clock.o
 .debug_aranges
                0x00000130       0x28 moduleMenu/menu.o
 .debug_aranges
                0x00000158       0x30 moduleStopwatch/stopwatch.o
 .debug_aranges
                0x00000188       0x28 moduleTimer/timer.o

.debug_pubnames
 *(.debug_pubnames)

.debug_info     0x00000000     0x2b48
 *(.debug_info .gnu.linkonce.wi.*)
 .debug_info    0x00000000      0x780 C:/Program Files (x86)/Atmel/Studio/7.0/Packs/atmel/ATmega_DFP/1.2.209/gcc/dev/atmega128/avr51/crtatmega128.o
 .debug_info    0x00000780      0x14a lib/iseg7.o
 .debug_info    0x000008ca      0x4d4 lib/keypad.o
 .debug_info    0x00000d9e      0x7f4 lib/lcd.o
 .debug_info    0x00001592      0x465 main.o
 .debug_info    0x000019f7      0x46c moduleClock/clock.o
 .debug_info    0x00001e63      0x2e1 moduleMenu/menu.o
 .debug_info    0x00002144      0x660 moduleStopwatch/stopwatch.o
 .debug_info    0x000027a4      0x3a4 moduleTimer/timer.o

.debug_abbrev   0x00000000     0x1031
 *(.debug_abbrev)
 .debug_abbrev  0x00000000      0x718 C:/Program Files (x86)/Atmel/Studio/7.0/Packs/atmel/ATmega_DFP/1.2.209/gcc/dev/atmega128/avr51/crtatmega128.o
 .debug_abbrev  0x00000718       0xc0 lib/iseg7.o
 .debug_abbrev  0x000007d8      0x13d lib/keypad.o
 .debug_abbrev  0x00000915      0x1c2 lib/lcd.o
 .debug_abbrev  0x00000ad7      0x176 main.o
 .debug_abbrev  0x00000c4d      0x10e moduleClock/clock.o
 .debug_abbrev  0x00000d5b       0xd5 moduleMenu/menu.o
 .debug_abbrev  0x00000e30      0x112 moduleStopwatch/stopwatch.o
 .debug_abbrev  0x00000f42       0xef moduleTimer/timer.o

.debug_line     0x00000000     0x14cf
 *(.debug_line .debug_line.* .debug_line_end)
 .debug_line    0x00000000      0x169 C:/Program Files (x86)/Atmel/Studio/7.0/Packs/atmel/ATmega_DFP/1.2.209/gcc/dev/atmega128/avr51/crtatmega128.o
 .debug_line    0x00000169      0x147 lib/iseg7.o
 .debug_line    0x000002b0      0x25e lib/keypad.o
 .debug_line    0x0000050e      0x312 lib/lcd.o
 .debug_line    0x00000820      0x316 main.o
 .debug_line    0x00000b36      0x259 moduleClock/clock.o
 .debug_line    0x00000d8f      0x178 moduleMenu/menu.o
 .debug_line    0x00000f07      0x381 moduleStopwatch/stopwatch.o
 .debug_line    0x00001288      0x247 moduleTimer/timer.o

.debug_frame    0x00000000      0x3e4
 *(.debug_frame)
 .debug_frame   0x00000000       0x74 lib/iseg7.o
 .debug_frame   0x00000074       0x6c lib/keypad.o
 .debug_frame   0x000000e0       0xfc lib/lcd.o
 .debug_frame   0x000001dc       0xa4 main.o
 .debug_frame   0x00000280       0x50 moduleClock/clock.o
 .debug_frame   0x000002d0       0x40 moduleMenu/menu.o
 .debug_frame   0x00000310       0x88 moduleStopwatch/stopwatch.o
 .debug_frame   0x00000398       0x4c moduleTimer/timer.o

.debug_str      0x00000000      0x984
 *(.debug_str)
 .debug_str     0x00000000      0x27d C:/Program Files (x86)/Atmel/Studio/7.0/Packs/atmel/ATmega_DFP/1.2.209/gcc/dev/atmega128/avr51/crtatmega128.o
 .debug_str     0x0000027d      0x192 lib/iseg7.o
                                0x1c6 (size before relaxing)
 .debug_str     0x0000040f       0xd5 lib/keypad.o
                                0x1f6 (size before relaxing)
 .debug_str     0x000004e4       0xac lib/lcd.o
                                0x25f (size before relaxing)
 .debug_str     0x00000590      0x164 main.o
                                0x317 (size before relaxing)
 .debug_str     0x000006f4       0x94 moduleClock/clock.o
                                0x266 (size before relaxing)
 .debug_str     0x00000788       0x50 moduleMenu/menu.o
                                0x1d8 (size before relaxing)
 .debug_str     0x000007d8      0x10c moduleStopwatch/stopwatch.o
                                0x2f6 (size before relaxing)
 .debug_str     0x000008e4       0xa0 moduleTimer/timer.o
                                0x293 (size before relaxing)

.debug_loc      0x00000000     0x19ff
 *(.debug_loc)
 .debug_loc     0x00000000      0x183 lib/iseg7.o
 .debug_loc     0x00000183      0x587 lib/keypad.o
 .debug_loc     0x0000070a      0x996 lib/lcd.o
 .debug_loc     0x000010a0      0x151 main.o
 .debug_loc     0x000011f1      0x298 moduleClock/clock.o
 .debug_loc     0x00001489       0xf1 moduleMenu/menu.o
 .debug_loc     0x0000157a      0x2be moduleStopwatch/stopwatch.o
 .debug_loc     0x00001838      0x1c7 moduleTimer/timer.o

.debug_macinfo
 *(.debug_macinfo)

.debug_weaknames
 *(.debug_weaknames)

.debug_funcnames
 *(.debug_funcnames)

.debug_typenames
 *(.debug_typenames)

.debug_varnames
 *(.debug_varnames)

.debug_pubtypes
 *(.debug_pubtypes)

.debug_ranges   0x00000000      0x130
 *(.debug_ranges)
 .debug_ranges  0x00000000       0x20 lib/iseg7.o
 .debug_ranges  0x00000020       0x28 lib/keypad.o
 .debug_ranges  0x00000048       0x58 lib/lcd.o
 .debug_ranges  0x000000a0       0x28 main.o
 .debug_ranges  0x000000c8       0x18 moduleClock/clock.o
 .debug_ranges  0x000000e0       0x18 moduleMenu/menu.o
 .debug_ranges  0x000000f8       0x20 moduleStopwatch/stopwatch.o
 .debug_ranges  0x00000118       0x18 moduleTimer/timer.o

.debug_macro
 *(.debug_macro)
OUTPUT(termproject.elf elf32-avr)
LOAD linker stubs
